Microchip MPLAB XC8 Compiler V2.40

Linker command line:

-W-3 --edf=/Applications/microchip/xc8/v2.40/pic/dat/20220703182018_en.msgs \
  -cn -h+dist/default/production/LCD_Display_SPI.X.production.sym \
  --cmf=dist/default/production/LCD_Display_SPI.X.production.cmf -z \
  -Q16F913 -o/tmp/xcIaZh4i0 --defsym=__MPLAB_BUILD=1 --fixupoverflow=error \
  -Mdist/default/production/LCD_Display_SPI.X.production.map \
  --md=/tmp/xca7gdMoA.dat -E1 -ver=XC8 Compiler --acfsm=1493 \
  -ACODE=00h-07FFhx2 -ASTRCODE=00h-0FFFh -ASTRING=00h-0FFhx16 \
  -ACONST=00h-0FFhx16 -AENTRY=00h-0FFhx16 -ACOMMON=070h-07Fh \
  -ABANK0=020h-06Fh -ABANK1=0A0h-0EFh -ABANK2=0120h-016Fh \
  -ARAM=020h-06Fh,0A0h-0EFh,0120h-016Fh \
  -AABS1=020h-07Fh,0A0h-0EFh,0120h-016Fh -ASFR0=00h-01Fh -ASFR1=080h-09Fh \
  -ASFR2=0100h-011Fh -ASFR3=0180h-01EFh -ACONFIG=02007h-02007h -DCONFIG=2 \
  -AIDLOC=02000h-02003h -DIDLOC=2 -AEEDATA=00h-0FFh/02100h \
  -peeprom_data=EEDATA -DEEDATA=2 -DCODE=2 -DSTRCODE=2 -DSTRING=2 -DCONST=2 \
  -DENTRY=2 -preset_vec=00h,intentry,init,end_init -ppowerup=CODE \
  -pcinit=CODE -pfunctab=ENTRY -k /tmp/xcW60h3D5.o \
  dist/default/production/LCD_Display_SPI.X.production.o 

Object code version is 3.11

Machine type is 16F913



                Name                               Link     Load   Length Selector   Space Scale
/tmp/xcW60h3D5.o
                end_init                              0        0        2        0       0
                config                             2007     2007        1        0       4
                idloc                              2000     2000        4        0       5
dist/default/production/LCD_Display_SPI.X.production.o
                cinit                               7DD      7DD       23      FBA       0
                config                             2007     2007        1        0       4
                idloc                              2000     2000        4        0       5
                text39                              A41      A41       1B     1482       0
                text38                              9A9      9A9        F     1352       0
                text37                              B80      B80       40     1700       0
                text36                              95D      95D        4     12BA       0
                text35                              961      961        4     12C2       0
                text34                              965      965        4     12CA       0
                text33                              969      969        4     12D2       0
                text32                              96D      96D        4     12DA       0
                text31                              971      971        4     12E2       0
                text30                              975      975        4     12EA       0
                text29                              979      979        4     12F2       0
                text28                              AEA      AEA       2C     15D4       0
                text27                              9C9      9C9       12     1392       0
                text26                              984      984        C     1308       0
                text25                              99C      99C        D     1338       0
                text24                              990      990        C     1320       0
                text23                              A5C      A5C       1D     14B8       0
                text22                              CF0      CF0       51     19E0       0
                text21                              A2B      A2B       16     1456       0
                text20                              B45      B45       3B     168A       0
                text19                              A9B      A9B       26     1536       0
                text18                              D41      D41       76     1A82       0
                text17                              A01      A01       15     1402       0
                text16                               50       50       AA       A0       0
                text15                              BC0      BC0       47     1780       0
                text14                              A16      A16       15     142C       0
                text13                              C50      C50       50     18A0       0
                text12                              CA0      CA0       50     1940       0
                text11                              B16      B16       2F     162C       0
                text10                              9DB      9DB       12     13B6       0
                text9                               E2D      E2D      1D3     1C5A       0
                text8                               585      585      258      B0A       0
                text7                               A79      A79       22     14F2       0
                text6                               DB7      DB7       76     1B6E       0
                text5                               1A8      1A8      1D6      350       0
                text4                               37E      37E      207      6FC       0
                text3                               C07      C07       49     180E       0
                text2                                FA       FA       AE      1F4       0
                text1                                 5        5       4B        A       0
                maintext                            AC1      AC1       29     1582       0
                cstackBANK0                          20       20       49       20       1
                cstackCOMMON                         70       70        E       70       1
                inittext                            9B8      9B8       11     1370       0
                dataBANK1                            A0       A0       14       A0       1
                bssBANK1                             B4       B4        7       A0       1
                dataBANK0                            69       69        7       20       1
                idataBANK1                          9ED      9ED       14     13DA       0
                idataBANK0                          97D      97D        7     12FA       0

TOTAL           Name                               Link     Load   Length     Space
        CLASS   CODE           
                end_init                              0        0        2         0
                cinit                               7DD      7DD       23         0
                text39                              A41      A41       1B         0
                text38                              9A9      9A9        F         0
                text37                              B80      B80       40         0
                text36                              95D      95D        4         0
                text35                              961      961        4         0
                text34                              965      965        4         0
                text33                              969      969        4         0
                text32                              96D      96D        4         0
                text31                              971      971        4         0
                text30                              975      975        4         0
                text29                              979      979        4         0
                text28                              AEA      AEA       2C         0
                text27                              9C9      9C9       12         0
                text26                              984      984        C         0
                text25                              99C      99C        D         0
                text24                              990      990        C         0
                text23                              A5C      A5C       1D         0
                text22                              CF0      CF0       51         0
                text21                              A2B      A2B       16         0
                text20                              B45      B45       3B         0
                text19                              A9B      A9B       26         0
                text18                              D41      D41       76         0
                text17                              A01      A01       15         0
                text16                               50       50       AA         0
                text15                              BC0      BC0       47         0
                text14                              A16      A16       15         0
                text13                              C50      C50       50         0
                text12                              CA0      CA0       50         0
                text11                              B16      B16       2F         0
                text10                              9DB      9DB       12         0
                text9                               E2D      E2D      1D3         0
                text8                               585      585      258         0
                text7                               A79      A79       22         0
                text6                               DB7      DB7       76         0
                text5                               1A8      1A8      1D6         0
                text4                               37E      37E      207         0
                text3                               C07      C07       49         0
                text2                                FA       FA       AE         0
                text1                                 5        5       4B         0
                maintext                            AC1      AC1       29         0
                inittext                            9B8      9B8       11         0
                idataBANK1                          9ED      9ED       14         0
                idataBANK0                          97D      97D        7         0

        CLASS   STRCODE        

        CLASS   STRING         

        CLASS   CONST          

        CLASS   ENTRY          

        CLASS   COMMON         
                cstackCOMMON                         70       70        E         1

        CLASS   BANK0          
                cstackBANK0                          20       20       49         1
                dataBANK0                            69       69        7         1

        CLASS   BANK1          
                dataBANK1                            A0       A0       14         1
                bssBANK1                             B4       B4        7         1

        CLASS   BANK2          

        CLASS   RAM            

        CLASS   ABS1           
                abs_s1                               7E       7E        2         1

        CLASS   SFR0           

        CLASS   SFR1           

        CLASS   SFR2           

        CLASS   SFR3           

        CLASS   CONFIG         
                config                             2007     2007        1         4

        CLASS   IDLOC          
                idloc                              2000     2000        4         5

        CLASS   EEDATA         

        CLASS   BANK3          

        CLASS   STACK          



SEGMENTS        Name                           Load    Length   Top    Selector   Space  Class     Delta

                text21                         000A2B  000016  000A41      1456       0  CODE        2
                text39                         000A41  00001B  000A5C      1482       0  CODE        2
                text23                         000A5C  00001D  000A79      14B8       0  CODE        2
                text14                         000A16  000015  000A2B      142C       0  CODE        2
                text10                         0009DB  000012  0009ED      13B6       0  CODE        2
                idataBANK1                     0009ED  000014  000A01      13DA       0  CODE        2
                text17                         000A01  000015  000A16      1402       0  CODE        2
                text7                          000A79  000022  000A9B      14F2       0  CODE        2
                text20                         000B45  00003B  000B80      168A       0  CODE        2
                text37                         000B80  000040  000BC0      1700       0  CODE        2
                text15                         000BC0  000047  000C07      1780       0  CODE        2
                text11                         000B16  00002F  000B45      162C       0  CODE        2
                text19                         000A9B  000026  000AC1      1536       0  CODE        2
                maintext                       000AC1  000029  000AEA      1582       0  CODE        2
                text28                         000AEA  00002C  000B16      15D4       0  CODE        2
                text32                         00096D  000004  000971      12DA       0  CODE        2
                text31                         000971  000004  000975      12E2       0  CODE        2
                text30                         000975  000004  000979      12EA       0  CODE        2
                text33                         000969  000004  00096D      12D2       0  CODE        2
                text36                         00095D  000004  000961      12BA       0  CODE        2
                text35                         000961  000004  000965      12C2       0  CODE        2
                text34                         000965  000004  000969      12CA       0  CODE        2
                text29                         000979  000004  00097D      12F2       0  CODE        2
                text38                         0009A9  00000F  0009B8      1352       0  CODE        2
                inittext                       0009B8  000011  0009C9      1370       0  CODE        2
                text27                         0009C9  000012  0009DB      1392       0  CODE        2
                text25                         00099C  00000D  0009A9      1338       0  CODE        2
                idataBANK0                     00097D  000007  000984      12FA       0  CODE        2
                text26                         000984  00000C  000990      1308       0  CODE        2
                text24                         000990  00000C  00099C      1320       0  CODE        2
                text3                          000C07  000049  000C50      180E       0  CODE        2
                cstackBANK0                    000020  000050  000070        20       1  BANK0       1
                dataBANK1                      0000A0  00001B  0000BB        A0       1  BANK1       1
                reset_vec                      000000  000002  000002         0       0  CODE        2
                cinit                          0007DD  000023  000800       FBA       0  CODE        2
                cstackCOMMON                   000070  00000E  00007E        70       1  COMMON      1
                text18                         000D41  000076  000DB7      1A82       0  CODE        2
                text6                          000DB7  000076  000E2D      1B6E       0  CODE        2
                text16                         000050  0000AA  0000FA        A0       0  CODE        2
                text22                         000CF0  000051  000D41      19E0       0  CODE        2
                text1                          000005  00004B  000050         A       0  CODE        2
                text13                         000C50  000050  000CA0      18A0       0  CODE        2
                text12                         000CA0  000050  000CF0      1940       0  CODE        2
                text2                          0000FA  0000AE  0001A8       1F4       0  CODE        2
                text8                          000585  000258  0007DD       B0A       0  CODE        2
                text9                          000E2D  0001D3  001000      1C5A       0  CODE        2
                text5                          0001A8  0001D6  00037E       350       0  CODE        2
                text4                          00037E  000207  000585       6FC       0  CODE        2


UNUSED ADDRESS RANGES

        Name                Unused          Largest block    Delta
        BANK1            00BB-00EF             35           1
        BANK2            0120-016F             50           1
        CODE             0002-0004              3           2
                         0800-095C            15D
        CONST            0002-0004              3           2
                         0800-095C            100
        EEDATA           2100-21FF            100           2
        ENTRY            0002-0004              3           2
                         0800-095C            100
        RAM              00BB-00EF             35           1
                         0120-016F             50
        SFR0             0000-001F             20           1
        SFR1             0080-009F             20           1
        SFR2             0100-011F             20           1
        SFR3             0180-01EF             70           1
        STRCODE          0002-0004              3           2
                         0800-095C            15D
        STRING           0002-0004              3           2
                         0800-095C            100

                                  Symbol Table

?___fladd                                        cstackBANK0  004A
?___fldiv                                        cstackBANK0  0035
?___flsub                                        cstackBANK0  005E
?___fltol                                        cstackCOMMON 0070
?_sqrt                                           cstackCOMMON 0070
SPI_WRITE16_Hard@first_B                         cstackCOMMON 0073
SPI_WRITE16_Hard@second_B                        cstackCOMMON 0074
SPI_WRITE16_Hard@w                               cstackCOMMON 0071
_RB0                                             (abs)        0030
_RB1                                             (abs)        0031
_RB2                                             (abs)        0032
_RB4                                             (abs)        0034
_RB5                                             (abs)        0035
_RC4                                             (abs)        003C
_RC5                                             (abs)        003D
_RC6                                             (abs)        003E
_RC7                                             (abs)        003F
_SPI_CS_HIGH                                     text36       095D
_SPI_CS_LOW                                      text35       0961
_SPI_DC_HIGH                                     text34       0965
_SPI_DC_LOW                                      text33       0969
_SPI_MOSI_HIGH                                   text32       096D
_SPI_MOSI_LOW                                    text31       0971
_SPI_SCK_HIGH                                    text30       0975
_SPI_SCK_LOW                                     text29       0979
_SPI_WRITE16_Hard                                text25       099C
_SSPBUF                                          (abs)        0013
_SSPCONbits                                      (abs)        0014
_SSPSTATbits                                     (abs)        0094
_TRISB0                                          (abs)        0430
_TRISB1                                          (abs)        0431
_TRISB2                                          (abs)        0432
_TRISB4                                          (abs)        0434
_TRISB5                                          (abs)        0435
_TRISC4                                          (abs)        043C
_TRISC5                                          (abs)        043D
_TRISC6                                          (abs)        043E
_TRISC7                                          (abs)        043F
__Habs1                                          abs1         0000
__Hbank0                                         bank0        0000
__Hbank1                                         bank1        0000
__Hbank2                                         bank2        0000
__Hbank3                                         bank3        0000
__HbssBANK1                                      bssBANK1     0000
__Hcinit                                         cinit        0800
__Hclrtext                                       clrtext      0000
__Hcode                                          code         0000
__Hcommon                                        common       0000
__Hconfig                                        config       2008
__HcstackBANK0                                   cstackBANK0  0000
__HcstackCOMMON                                  cstackCOMMON 0000
__HdataBANK0                                     dataBANK0    0000
__HdataBANK1                                     dataBANK1    0000
__Heeprom_data                                   eeprom_data  0000
__Hend_init                                      end_init     0002
__Hfunctab                                       functab      0000
__HidataBANK0                                    idataBANK0   0000
__HidataBANK1                                    idataBANK1   0000
__Hidloc                                         idloc        2004
__Hinit                                          init         0000
__Hinittext                                      inittext     0000
__Hintentry                                      intentry     0000
__Hmaintext                                      maintext     0000
__Hpowerup                                       powerup      0000
__Hram                                           ram          0000
__Hreset_vec                                     reset_vec    0000
__Hsfr0                                          sfr0         0000
__Hsfr1                                          sfr1         0000
__Hsfr2                                          sfr2         0000
__Hsfr3                                          sfr3         0000
__Hspace_0                                       (abs)        1000
__Hspace_1                                       (abs)        00BB
__Hspace_2                                       (abs)        0000
__Hspace_3                                       (abs)        0000
__Hspace_4                                       (abs)        400F
__Hstack                                         stack        0000
__Hstrings                                       strings      0000
__Htext                                          text         0000
__Labs1                                          abs1         0000
__Lbank0                                         bank0        0000
__Lbank1                                         bank1        0000
__Lbank2                                         bank2        0000
__Lbank3                                         bank3        0000
__LbssBANK1                                      bssBANK1     0000
__Lcinit                                         cinit        07DD
__Lclrtext                                       clrtext      0000
__Lcode                                          code         0000
__Lcommon                                        common       0000
__Lconfig                                        config       0000
__LcstackBANK0                                   cstackBANK0  0000
__LcstackCOMMON                                  cstackCOMMON 0000
__LdataBANK0                                     dataBANK0    0000
__LdataBANK1                                     dataBANK1    0000
__Leeprom_data                                   eeprom_data  0000
__Lend_init                                      end_init     0000
__Lfunctab                                       functab      0000
__LidataBANK0                                    idataBANK0   0000
__LidataBANK1                                    idataBANK1   0000
__Lidloc                                         idloc        0000
__Linit                                          init         0000
__Linittext                                      inittext     0000
__Lintentry                                      intentry     0000
__Lmaintext                                      maintext     0000
__Lpowerup                                       powerup      0000
__Lram                                           ram          0000
__Lreset_vec                                     reset_vec    0000
__Lsfr0                                          sfr0         0000
__Lsfr1                                          sfr1         0000
__Lsfr2                                          sfr2         0000
__Lsfr3                                          sfr3         0000
__Lspace_0                                       (abs)        0000
__Lspace_1                                       (abs)        0000
__Lspace_2                                       (abs)        0000
__Lspace_3                                       (abs)        0000
__Lspace_4                                       (abs)        0000
__Lstack                                         stack        0000
__Lstrings                                       strings      0000
__Ltext                                          text         0000
__S0                                             (abs)        1000
__S1                                             (abs)        00BB
__S3                                             (abs)        0000
___bmul                                          text17       0A01
___bmul@multiplicand                             cstackCOMMON 0070
___bmul@multiplier                               cstackCOMMON 0073
___bmul@product                                  cstackCOMMON 0072
___fladd                                         text8        0585
___fladd@a                                       cstackBANK0  004E
___fladd@aexp                                    cstackBANK0  005B
___fladd@b                                       cstackBANK0  004A
___fladd@bexp                                    cstackBANK0  005C
___fladd@grs                                     cstackBANK0  005D
___fladd@signs                                   cstackBANK0  005A
___fldiv                                         text9        0E2D
___fldiv@a                                       cstackBANK0  0035
___fldiv@aexp                                    cstackBANK0  0049
___fldiv@b                                       cstackBANK0  0039
___fldiv@bexp                                    cstackBANK0  0048
___fldiv@grs                                     cstackBANK0  0044
___fldiv@new_exp                                 cstackBANK0  0042
___fldiv@rem                                     cstackBANK0  003D
___fldiv@sign                                    cstackBANK0  0041
___flsub                                         text7        0A79
___flsub@a                                       cstackBANK0  005E
___flsub@b                                       cstackBANK0  0062
___fltol                                         text6        0DB7
___fltol@exp1                                    cstackCOMMON 0079
___fltol@f1                                      cstackCOMMON 0070
___fltol@sign1                                   cstackCOMMON 0078
___int_sp                                        stack        0000
___latbits                                       (abs)        0001
___sp                                            stack        0000
___stackhi                                       (abs)        0000
___stacklo                                       (abs)        0000
__end_of_SPI_CS_HIGH                             text36       0961
__end_of_SPI_CS_LOW                              text35       0965
__end_of_SPI_DC_HIGH                             text34       0969
__end_of_SPI_DC_LOW                              text33       096D
__end_of_SPI_MOSI_HIGH                           text32       0971
__end_of_SPI_MOSI_LOW                            text31       0975
__end_of_SPI_SCK_HIGH                            text30       0979
__end_of_SPI_SCK_LOW                             text29       097D
__end_of_SPI_WRITE16_Hard                        text25       09A9
__end_of___bmul                                  text17       0A16
__end_of___fladd                                 text8        07DD
__end_of___fldiv                                 text9        1000
__end_of___flsub                                 text7        0A9B
__end_of___fltol                                 text6        0E2D
__end_of__initialization                         cinit        07FD
__end_of_die                                     text39       0A5C
__end_of_display_init                            text19       0AC1
__end_of_drawFastHLine_Hard                      text13       0CA0
__end_of_drawFastVLine_Hard                      text12       0CF0
__end_of_drawSquareLine_Hard                     text18       0DB7
__end_of_drawVerticalLeftPaddle_Hard             text16       00FA
__end_of_draw_game_state                         text15       0C07
__end_of_init_Hardwear_SPI                       text38       09B8
__end_of_init_Softwear_SPI                       text37       0BC0
__end_of_main                                    maintext     0AEA
__end_of_my_setAddrWindow_Hard                   text23       0A79
__end_of_paddle_init                             text14       0A2B
__end_of_pong_field_init                         text11       0B45
__end_of_sendCommand                             text27       09DB
__end_of_sendCommand_Hard                        text10       09ED
__end_of_sendCommand_and_8bit_Data               text21       0A41
__end_of_setAllDisplayPixels_Hard                text22       0D41
__end_of_setDisplayFillingMode                   text20       0B80
__end_of_spiWrite                                text28       0B16
__end_of_spi_send_recv                           text26       0990
__end_of_sqrt                                    text5        037E
__end_of_updateANDset_ball_position              text4        0585
__end_of_update_ball_direction                   text3        0C50
__end_of_update_ball_direction_if_touches_paddle text2        01A8
__end_of_update_game_state                       text1        0050
__end_of_writeCommand_Hard                       text24       099C
__initialization                                 cinit        07DD
__pbssBANK1                                      bssBANK1     00B4
__pcstackBANK0                                   cstackBANK0  0020
__pcstackCOMMON                                  cstackCOMMON 0070
__pdataBANK0                                     dataBANK0    0069
__pdataBANK1                                     dataBANK1    00A0
__pidataBANK0                                    idataBANK0   097D
__pidataBANK1                                    idataBANK1   09ED
__pmaintext                                      maintext     0AC1
__ptext1                                         text1        0005
__ptext10                                        text10       09DB
__ptext11                                        text11       0B16
__ptext12                                        text12       0CA0
__ptext13                                        text13       0C50
__ptext14                                        text14       0A16
__ptext15                                        text15       0BC0
__ptext16                                        text16       0050
__ptext17                                        text17       0A01
__ptext18                                        text18       0D41
__ptext19                                        text19       0A9B
__ptext2                                         text2        00FA
__ptext20                                        text20       0B45
__ptext21                                        text21       0A2B
__ptext22                                        text22       0CF0
__ptext23                                        text23       0A5C
__ptext24                                        text24       0990
__ptext25                                        text25       099C
__ptext26                                        text26       0984
__ptext27                                        text27       09C9
__ptext28                                        text28       0AEA
__ptext29                                        text29       0979
__ptext3                                         text3        0C07
__ptext30                                        text30       0975
__ptext31                                        text31       0971
__ptext32                                        text32       096D
__ptext33                                        text33       0969
__ptext34                                        text34       0965
__ptext35                                        text35       0961
__ptext36                                        text36       095D
__ptext37                                        text37       0B80
__ptext38                                        text38       09A9
__ptext39                                        text39       0A41
__ptext4                                         text4        037E
__ptext5                                         text5        01A8
__ptext6                                         text6        0DB7
__ptext7                                         text7        0A79
__ptext8                                         text8        0585
__ptext9                                         text9        0E2D
_ball_x_direction                                dataBANK0    006B
_ball_x_position                                 dataBANK0    006F
_ball_y_direction                                dataBANK0    0069
_ball_y_position                                 dataBANK0    006E
_die                                             text39       0A41
_display_init                                    text19       0A9B
_drawFastHLine_Hard                              text13       0C50
_drawFastVLine_Hard                              text12       0CA0
_drawSquareLine_Hard                             text18       0D41
_drawVerticalLeftPaddle_Hard                     text16       0050
_draw_game_state                                 text15       0BC0
_errno                                           bssBANK1     00B4
_f_x_position                                    dataBANK1    00AC
_f_y_position                                    dataBANK1    00A8
_init_Hardwear_SPI                               text38       09A9
_init_Softwear_SPI                               text37       0B80
_main                                            maintext     0AC1
_mode                                            bssBANK1     00B8
_my_setAddrWindow_Hard                           text23       0A5C
_old_paddle_top_left_position                    dataBANK1    00B3
_old_x_position                                  bssBANK1     00BA
_old_y_position                                  bssBANK1     00B9
_paddle_init                                     text14       0A16
_paddle_position_has_changed                     bssBANK1     00B7
_paddle_top_left_position                        dataBANK0    006D
_pong_field_init                                 text11       0B16
_sendCommand                                     text27       09C9
_sendCommand_Hard                                text10       09DB
_sendCommand_and_8bit_Data                       text21       0A2B
_setAllDisplayPixels_Hard                        text22       0CF0
_setDisplayFillingMode                           text20       0B45
_spiWrite                                        text28       0AEA
_spi_send_recv                                   text26       0984
_sqrt                                            text5        01A8
_updateANDset_ball_position                      text4        037E
_update_ball_direction                           text3        0C07
_update_ball_direction_if_touches_paddle         text2        00FA
_update_game_state                               text1        0005
_writeCommand_Hard                               text24       0990
btemp                                            (abs)        007E
drawFastHLine_Hard@color                         cstackCOMMON 007C
drawFastHLine_Hard@in_HLine_y                    cstackCOMMON 007B
drawFastHLine_Hard@length                        cstackCOMMON 007A
drawFastHLine_Hard@start_x                       cstackBANK0  0026
drawFastHLine_Hard@x2                            cstackBANK0  0023
drawFastHLine_Hard@x_colum_horizontal            cstackBANK0  0024
drawFastVLine_Hard@color                         cstackCOMMON 007C
drawFastVLine_Hard@in_VLine_x                    cstackCOMMON 007B
drawFastVLine_Hard@length                        cstackCOMMON 007A
drawFastVLine_Hard@start_y                       cstackBANK0  0026
drawFastVLine_Hard@y2                            cstackBANK0  0023
drawFastVLine_Hard@y_row_vertical                cstackBANK0  0024
drawSquareLine_Hard@color                        cstackCOMMON 007C
drawSquareLine_Hard@side_length                  cstackCOMMON 007A
drawSquareLine_Hard@start_x_top_left             cstackBANK0  002A
drawSquareLine_Hard@start_y_top_left             cstackCOMMON 007B
drawSquareLine_Hard@x2                           cstackBANK0  0024
drawSquareLine_Hard@x_colum_horizontal           cstackBANK0  0026
drawSquareLine_Hard@y2                           cstackBANK0  0025
drawSquareLine_Hard@y_row_vertical               cstackBANK0  0028
drawVerticalLeftPaddle_Hard@color                cstackBANK0  0023
drawVerticalLeftPaddle_Hard@in_VLine_x           cstackBANK0  0021
drawVerticalLeftPaddle_Hard@length               cstackBANK0  0020
drawVerticalLeftPaddle_Hard@start_y              cstackBANK0  002A
drawVerticalLeftPaddle_Hard@total                cstackBANK0  0027
drawVerticalLeftPaddle_Hard@width                cstackBANK0  0022
drawVerticalLeftPaddle_Hard@x2                   cstackBANK0  0026
drawVerticalLeftPaddle_Hard@y2                   cstackBANK0  0025
drawVerticalLeftPaddle_Hard@y_row_vertical       cstackBANK0  0028
end_of_initialization                            cinit        07FD
init_fetch0                                      inittext     09B8
init_ram0                                        inittext     09BC
intlevel0                                        functab      0000
intlevel1                                        functab      0000
intlevel2                                        functab      0000
intlevel3                                        functab      0000
intlevel4                                        functab      0000
intlevel5                                        functab      0000
my_setAddrWindow_Hard@x_finish                   cstackCOMMON 0076
my_setAddrWindow_Hard@x_start                    cstackCOMMON 0072
my_setAddrWindow_Hard@y_finish                   cstackCOMMON 0078
my_setAddrWindow_Hard@y_start                    cstackCOMMON 0074
reset_vec                                        reset_vec    0000
sendCommand@commandByte                          cstackCOMMON 0073
sendCommand_Hard@commandByte                     cstackCOMMON 0071
sendCommand_and_8bit_Data@commandByte            cstackCOMMON 0074
sendCommand_and_8bit_Data@first_byte             cstackCOMMON 0073
setAllDisplayPixels_Hard@color                   cstackCOMMON 007A
setAllDisplayPixels_Hard@x                       cstackBANK0  0020
setAllDisplayPixels_Hard@y                       cstackBANK0  0022
setDisplayFillingMode@hORv                       cstackCOMMON 0077
setDisplayFillingMode@madctl                     cstackCOMMON 0078
spiWrite@b                                       cstackCOMMON 0070
spiWrite@bit                                     cstackCOMMON 0071
spi_send_recv@data                               cstackCOMMON 0070
sqrt@a                                           cstackCOMMON 0070
sqrt@exp                                         cstackBANK0  002B
sqrt@frac                                        cstackBANK0  0031
sqrt@grs                                         cstackBANK0  0027
sqrt@i                                           cstackBANK0  0021
sqrt@p                                           cstackBANK0  0026
sqrt@root                                        cstackBANK0  002D
sqrt@sign                                        cstackBANK0  0020
sqrt@tfrac                                       cstackBANK0  0022
start                                            init         0000
start_initialization                             cinit        07DD
writeCommand_Hard@cmd                            cstackCOMMON 0071
wtemp0                                           (abs)        007E


MODULE INFORMATION

Module		Function		Class		Link	Load	Size
/Applications/microchip/xc8/v2.40/pic/sources/c90/common/sprcdiv.c
		___fldiv       		CODE           	0E2D	0000	467

/Applications/microchip/xc8/v2.40/pic/sources/c90/common/sprcdiv.c estimated size: 467

/Applications/microchip/xc8/v2.40/pic/sources/c90/common/sprcadd.c
		___flsub       		CODE           	0A79	0000	34
		___fladd       		CODE           	0585	0000	600

/Applications/microchip/xc8/v2.40/pic/sources/c90/common/sprcadd.c estimated size: 634

shared
		__initialization		CODE           	07DD	0000	32

shared estimated size: 32

/Applications/microchip/xc8/v2.40/pic/sources/c90/common/sprcsqrt.c
		_sqrt          		CODE           	01A8	0000	470

/Applications/microchip/xc8/v2.40/pic/sources/c90/common/sprcsqrt.c estimated size: 470

/Applications/microchip/xc8/v2.40/pic/sources/c90/common/fltol.c
		___fltol       		CODE           	0DB7	0000	118

/Applications/microchip/xc8/v2.40/pic/sources/c90/common/fltol.c estimated size: 118

main.c
		_init_Softwear_SPI		CODE           	0B80	0000	64
		_draw_game_state		CODE           	0BC0	0000	71
		_update_ball_direction		CODE           	0C07	0000	73
		_SPI_DC_LOW    		CODE           	0969	0000	4
		_SPI_DC_HIGH   		CODE           	0965	0000	4
		_updateANDset_ball_position		CODE           	037E	0000	519
		_update_ball_direction_if_touches_paddle		CODE           	00FA	0000	174
		_sendCommand_and_8bit_Data		CODE           	0A2B	0000	22
		_display_init  		CODE           	0A9B	0000	38
		_spiWrite      		CODE           	0AEA	0000	44
		_writeCommand_Hard		CODE           	0990	0000	12
		_main          		CODE           	0AC1	0000	41
		_drawSquareLine_Hard		CODE           	0D41	0000	118
		_SPI_CS_LOW    		CODE           	0961	0000	4
		_SPI_CS_HIGH   		CODE           	095D	0000	4
		_setAllDisplayPixels_Hard		CODE           	0CF0	0000	81
		_SPI_WRITE16_Hard		CODE           	099C	0000	13
		_pong_field_init		CODE           	0B16	0000	47
		_sendCommand   		CODE           	09C9	0000	18
		_SPI_MOSI_LOW  		CODE           	0971	0000	4
		_sendCommand_Hard		CODE           	09DB	0000	18
		_init_Hardwear_SPI		CODE           	09A9	0000	15
		_SPI_MOSI_HIGH 		CODE           	096D	0000	4
		_setDisplayFillingMode		CODE           	0B45	0000	59
		_drawVerticalLeftPaddle_Hard		CODE           	0050	0000	170
		_update_game_state		CODE           	0005	0000	75
		_spi_send_recv 		CODE           	0984	0000	12
		_die           		CODE           	0A41	0000	27
		_my_setAddrWindow_Hard		CODE           	0A5C	0000	29
		_drawFastHLine_Hard		CODE           	0C50	0000	80
		_drawFastVLine_Hard		CODE           	0CA0	0000	80
		_SPI_SCK_LOW   		CODE           	0979	0000	4
		_SPI_SCK_HIGH  		CODE           	0975	0000	4
		_paddle_init   		CODE           	0A16	0000	21

main.c estimated size: 1953

/Applications/microchip/xc8/v2.40/pic/sources/c90/common/Umul8.c
		___bmul        		CODE           	0A01	0000	21

/Applications/microchip/xc8/v2.40/pic/sources/c90/common/Umul8.c estimated size: 21

